2025-11-10 21:48:26 - run_single_question_e2e - INFO - [run_single_question_e2e.py:79] - Logging to file: logs/run_e2e_20251110_214826.log
2025-11-10 21:48:26 - run_single_question_e2e - INFO - [run_single_question_e2e.py:571] - Running script with JSON path: /var/folders/tq/51lzs6fs387bwv1r_7v0yn9w0000gn/T/tmpjfcvjcor.json and num_iterations: 10
2025-11-10 21:48:26 - run_single_question_e2e - INFO - [run_single_question_e2e.py:140] - ================================================================================
2025-11-10 21:48:26 - run_single_question_e2e - INFO - [run_single_question_e2e.py:141] - Starting end-to-end pipeline
2025-11-10 21:48:26 - run_single_question_e2e - INFO - [run_single_question_e2e.py:142] - ================================================================================
2025-11-10 21:48:26 - run_single_question_e2e - INFO - [run_single_question_e2e.py:143] - JSON path: /var/folders/tq/51lzs6fs387bwv1r_7v0yn9w0000gn/T/tmpjfcvjcor.json
2025-11-10 21:48:26 - run_single_question_e2e - INFO - [run_single_question_e2e.py:144] - Num iterations: 10
2025-11-10 21:48:26 - run_single_question_e2e - INFO - [run_single_question_e2e.py:153] - Loading question data from JSON
2025-11-10 21:48:26 - run_single_question_e2e - INFO - [run_single_question_e2e.py:165] - Successfully loaded JSON file: /var/folders/tq/51lzs6fs387bwv1r_7v0yn9w0000gn/T/tmpjfcvjcor.json
2025-11-10 21:48:26 - run_single_question_e2e - INFO - [run_single_question_e2e.py:192] - Processing question: L1Q4
2025-11-10 21:48:26 - run_single_question_e2e - INFO - [run_single_question_e2e.py:193] - Question text: You are a helpful teaching assistant giving detailed, actionable feedback to students on their lab r...
2025-11-10 21:48:26 - run_single_question_e2e - INFO - [run_single_question_e2e.py:194] - Number of responses: 1
2025-11-10 21:48:26 - run_single_question_e2e - INFO - [run_single_question_e2e.py:195] - Iterations per response: 10
2025-11-10 21:48:26 - run_single_question_e2e - INFO - [run_single_question_e2e.py:205] - Initializing checkpoints for all responses
2025-11-10 21:48:26 - run_single_question_e2e - INFO - [run_single_question_e2e.py:92] - Creating new checkpoint for L1Q4_R18
2025-11-10 21:48:26 - run_single_question_e2e - INFO - [run_single_question_e2e.py:221] - Ensuring QDs exist
2025-11-10 21:48:26 - run_single_question_e2e - INFO - [run_single_question_e2e.py:110] - Checking QDs for L1Q4
2025-11-10 21:48:26 - run_single_question_e2e - INFO - [run_single_question_e2e.py:127] - QDs already exist for L1Q4 (version v1, 4 dimensions)
2025-11-10 21:48:26 - run_single_question_e2e - INFO - [run_single_question_e2e.py:235] - Starting grading phase
2025-11-10 21:48:26 - run_single_question_e2e - INFO - [run_single_question_e2e.py:242] - Grading response 1/1: R18
2025-11-10 21:48:51 - run_single_question_e2e - WARNING - [run_single_question_e2e.py:584] - Script interrupted by user
