2025-11-10 20:04:59 - run_single_question_e2e - INFO - [run_single_question_e2e.py:72] - Logging to file: logs/run_e2e_20251110_200459.log
2025-11-10 20:04:59 - run_single_question_e2e - INFO - [run_single_question_e2e.py:362] - Running script with JSON path: test_question_L3Q2.json and num_iterations: None
2025-11-10 20:04:59 - run_single_question_e2e - INFO - [run_single_question_e2e.py:133] - ================================================================================
2025-11-10 20:04:59 - run_single_question_e2e - INFO - [run_single_question_e2e.py:134] - Starting end-to-end pipeline
2025-11-10 20:04:59 - run_single_question_e2e - INFO - [run_single_question_e2e.py:135] - ================================================================================
2025-11-10 20:04:59 - run_single_question_e2e - INFO - [run_single_question_e2e.py:136] - JSON path: test_question_L3Q2.json
2025-11-10 20:04:59 - run_single_question_e2e - INFO - [run_single_question_e2e.py:137] - Num iterations: 20
2025-11-10 20:04:59 - run_single_question_e2e - INFO - [run_single_question_e2e.py:146] - Loading question data from JSON
2025-11-10 20:04:59 - run_single_question_e2e - INFO - [run_single_question_e2e.py:158] - Successfully loaded JSON file: test_question_L3Q2.json
2025-11-10 20:04:59 - run_single_question_e2e - INFO - [run_single_question_e2e.py:180] - Processing question: L3Q2
2025-11-10 20:04:59 - run_single_question_e2e - INFO - [run_single_question_e2e.py:181] - Question text: You are a helpful teaching assistant giving detailed, actionable feedback to students on their lab r...
2025-11-10 20:04:59 - run_single_question_e2e - INFO - [run_single_question_e2e.py:182] - Number of responses: 2
2025-11-10 20:04:59 - run_single_question_e2e - INFO - [run_single_question_e2e.py:183] - Iterations per response: 20
2025-11-10 20:04:59 - run_single_question_e2e - INFO - [run_single_question_e2e.py:193] - Initializing checkpoints for all responses
2025-11-10 20:04:59 - run_single_question_e2e - INFO - [run_single_question_e2e.py:85] - Creating new checkpoint for L3Q2_R_BORDERLINE9
2025-11-10 20:04:59 - run_single_question_e2e - INFO - [run_single_question_e2e.py:85] - Creating new checkpoint for L3Q2_R_BAD
2025-11-10 20:04:59 - run_single_question_e2e - INFO - [run_single_question_e2e.py:209] - Ensuring QDs exist
2025-11-10 20:04:59 - run_single_question_e2e - INFO - [run_single_question_e2e.py:103] - Checking QDs for L3Q2
2025-11-10 20:04:59 - run_single_question_e2e - INFO - [run_single_question_e2e.py:106] - Generating initial QDs for L3Q2
2025-11-10 20:05:11 - run_single_question_e2e - INFO - [run_single_question_e2e.py:111] - Generated 5 QDs for L3Q2 (version v1)
2025-11-10 20:05:11 - run_single_question_e2e - INFO - [run_single_question_e2e.py:223] - Starting grading phase
2025-11-10 20:05:11 - run_single_question_e2e - INFO - [run_single_question_e2e.py:229] - Grading response 1/2: R_BORDERLINE9
2025-11-10 20:07:31 - run_single_question_e2e - INFO - [run_single_question_e2e.py:232] - Completed grading for R_BORDERLINE9
2025-11-10 20:07:31 - run_single_question_e2e - INFO - [run_single_question_e2e.py:229] - Grading response 2/2: R_BAD
2025-11-10 20:09:11 - run_single_question_e2e - INFO - [run_single_question_e2e.py:232] - Completed grading for R_BAD
2025-11-10 20:09:11 - run_single_question_e2e - INFO - [run_single_question_e2e.py:241] - Starting refinement phase
2025-11-10 20:09:11 - run_single_question_e2e - INFO - [run_single_question_e2e.py:247] - Refinement phase completed
2025-11-10 20:09:11 - run_single_question_e2e - INFO - [run_single_question_e2e.py:256] - Starting analysis phase
2025-11-10 20:10:03 - run_single_question_e2e - INFO - [run_single_question_e2e.py:260] - Analysis complete: 2 records
2025-11-10 20:10:04 - run_single_question_e2e - INFO - [run_single_question_e2e.py:270] - Generating per-response details
2025-11-10 20:10:04 - run_single_question_e2e - INFO - [run_single_question_e2e.py:324] - Found 1 QD versions for L3Q2
2025-11-10 20:10:04 - run_single_question_e2e - INFO - [run_single_question_e2e.py:341] - ================================================================================
2025-11-10 20:10:04 - run_single_question_e2e - INFO - [run_single_question_e2e.py:342] - Pipeline execution complete
2025-11-10 20:10:04 - run_single_question_e2e - INFO - [run_single_question_e2e.py:343] - ================================================================================
2025-11-10 20:10:04 - run_single_question_e2e - INFO - [run_single_question_e2e.py:344] - Checkpoints saved in: ./checkpoints/
2025-11-10 20:10:04 - run_single_question_e2e - INFO - [run_single_question_e2e.py:345] - QDs saved in: ./quality_dimensions/ and ./refined_qds/
2025-11-10 20:10:04 - run_single_question_e2e - INFO - [run_single_question_e2e.py:364] - Script completed successfully
