2025-11-10 22:16:35 - run_single_question_e2e - INFO - [run_single_question_e2e.py:80] - Logging to file: logs/run_e2e_20251110_221635.log
2025-11-10 22:16:35 - run_single_question_e2e - INFO - [run_single_question_e2e.py:596] - Running script with JSON path: /var/folders/tq/51lzs6fs387bwv1r_7v0yn9w0000gn/T/tmp1kqq7afm.json and num_iterations: 10
2025-11-10 22:16:35 - run_single_question_e2e - INFO - [run_single_question_e2e.py:157] - ================================================================================
2025-11-10 22:16:35 - run_single_question_e2e - INFO - [run_single_question_e2e.py:158] - Starting end-to-end pipeline
2025-11-10 22:16:35 - run_single_question_e2e - INFO - [run_single_question_e2e.py:159] - ================================================================================
2025-11-10 22:16:35 - run_single_question_e2e - INFO - [run_single_question_e2e.py:160] - JSON path: /var/folders/tq/51lzs6fs387bwv1r_7v0yn9w0000gn/T/tmp1kqq7afm.json
2025-11-10 22:16:35 - run_single_question_e2e - INFO - [run_single_question_e2e.py:161] - Num iterations: 10
2025-11-10 22:16:35 - run_single_question_e2e - INFO - [run_single_question_e2e.py:170] - Loading question data from JSON
2025-11-10 22:16:35 - run_single_question_e2e - INFO - [run_single_question_e2e.py:182] - Successfully loaded JSON file: /var/folders/tq/51lzs6fs387bwv1r_7v0yn9w0000gn/T/tmp1kqq7afm.json
2025-11-10 22:16:35 - run_single_question_e2e - INFO - [run_single_question_e2e.py:209] - Processing question: L1Q4
2025-11-10 22:16:35 - run_single_question_e2e - INFO - [run_single_question_e2e.py:210] - Question text: You are a helpful teaching assistant giving detailed, actionable feedback to students on their lab r...
2025-11-10 22:16:35 - run_single_question_e2e - INFO - [run_single_question_e2e.py:211] - Number of responses: 1
2025-11-10 22:16:35 - run_single_question_e2e - INFO - [run_single_question_e2e.py:212] - Iterations per response: 10
2025-11-10 22:16:35 - run_single_question_e2e - INFO - [run_single_question_e2e.py:222] - Initializing checkpoints for all responses
2025-11-10 22:16:35 - run_single_question_e2e - INFO - [run_single_question_e2e.py:93] - Creating new checkpoint for L1Q4_R18
2025-11-10 22:16:35 - run_single_question_e2e - INFO - [run_single_question_e2e.py:238] - Ensuring QDs exist
2025-11-10 22:16:35 - run_single_question_e2e - INFO - [run_single_question_e2e.py:111] - Checking QDs for L1Q4
2025-11-10 22:16:35 - run_single_question_e2e - INFO - [run_single_question_e2e.py:133] - QDs already exist for L1Q4 (initial version v1, latest v6, best v6, 4 dimensions)
2025-11-10 22:16:35 - run_single_question_e2e - INFO - [run_single_question_e2e.py:252] - Starting grading phase
2025-11-10 22:16:35 - run_single_question_e2e - INFO - [run_single_question_e2e.py:259] - Grading response 1/1: R18
2025-11-10 22:17:43 - run_single_question_e2e - INFO - [run_single_question_e2e.py:262] - Completed grading for R18
2025-11-10 22:17:43 - run_single_question_e2e - INFO - [run_single_question_e2e.py:271] - Starting refinement phase
2025-11-10 22:17:43 - run_single_question_e2e - INFO - [run_single_question_e2e.py:277] - Refinement phase completed
2025-11-10 22:17:43 - run_single_question_e2e - INFO - [run_single_question_e2e.py:286] - Starting analysis phase
2025-11-10 22:21:45 - run_single_question_e2e - WARNING - [run_single_question_e2e.py:609] - Script interrupted by user
