2025-11-10 19:51:46 - run_single_question_e2e - INFO - [run_single_question_e2e.py:72] - Logging to file: logs/run_e2e_20251110_195146.log
2025-11-10 19:51:46 - run_single_question_e2e - INFO - [run_single_question_e2e.py:362] - Running script with JSON path: test_question_L3Q2.json and num_iterations: None
2025-11-10 19:51:46 - run_single_question_e2e - INFO - [run_single_question_e2e.py:133] - ================================================================================
2025-11-10 19:51:46 - run_single_question_e2e - INFO - [run_single_question_e2e.py:134] - Starting end-to-end pipeline
2025-11-10 19:51:46 - run_single_question_e2e - INFO - [run_single_question_e2e.py:135] - ================================================================================
2025-11-10 19:51:46 - run_single_question_e2e - INFO - [run_single_question_e2e.py:136] - JSON path: test_question_L3Q2.json
2025-11-10 19:51:46 - run_single_question_e2e - INFO - [run_single_question_e2e.py:137] - Num iterations: 20
2025-11-10 19:51:46 - run_single_question_e2e - INFO - [run_single_question_e2e.py:146] - Loading question data from JSON
2025-11-10 19:51:46 - run_single_question_e2e - INFO - [run_single_question_e2e.py:158] - Successfully loaded JSON file: test_question_L3Q2.json
2025-11-10 19:51:46 - run_single_question_e2e - INFO - [run_single_question_e2e.py:180] - Processing question: L3Q2
2025-11-10 19:51:46 - run_single_question_e2e - INFO - [run_single_question_e2e.py:181] - Question text: You are a helpful teaching assistant giving detailed, actionable feedback to students on their lab r...
2025-11-10 19:51:46 - run_single_question_e2e - INFO - [run_single_question_e2e.py:182] - Number of responses: 3
2025-11-10 19:51:46 - run_single_question_e2e - INFO - [run_single_question_e2e.py:183] - Iterations per response: 20
2025-11-10 19:51:46 - run_single_question_e2e - INFO - [run_single_question_e2e.py:193] - Initializing checkpoints for all responses
2025-11-10 19:51:46 - run_single_question_e2e - INFO - [run_single_question_e2e.py:85] - Creating new checkpoint for L3Q2_R_GOOD
2025-11-10 19:51:46 - run_single_question_e2e - INFO - [run_single_question_e2e.py:85] - Creating new checkpoint for L3Q2_R_BAD
2025-11-10 19:51:46 - run_single_question_e2e - INFO - [run_single_question_e2e.py:85] - Creating new checkpoint for L3Q2_R_BORDERLINE
2025-11-10 19:51:46 - run_single_question_e2e - INFO - [run_single_question_e2e.py:209] - Ensuring QDs exist
2025-11-10 19:51:46 - run_single_question_e2e - INFO - [run_single_question_e2e.py:103] - Checking QDs for L3Q2
2025-11-10 19:51:46 - run_single_question_e2e - INFO - [run_single_question_e2e.py:106] - Generating initial QDs for L3Q2
2025-11-10 19:52:00 - run_single_question_e2e - INFO - [run_single_question_e2e.py:111] - Generated 4 QDs for L3Q2 (version v1)
2025-11-10 19:52:00 - run_single_question_e2e - INFO - [run_single_question_e2e.py:223] - Starting grading phase
2025-11-10 19:52:00 - run_single_question_e2e - INFO - [run_single_question_e2e.py:229] - Grading response 1/3: R_GOOD
2025-11-10 19:53:17 - run_single_question_e2e - INFO - [run_single_question_e2e.py:232] - Completed grading for R_GOOD
2025-11-10 19:53:17 - run_single_question_e2e - INFO - [run_single_question_e2e.py:229] - Grading response 2/3: R_BAD
2025-11-10 19:54:56 - run_single_question_e2e - INFO - [run_single_question_e2e.py:232] - Completed grading for R_BAD
2025-11-10 19:54:56 - run_single_question_e2e - INFO - [run_single_question_e2e.py:229] - Grading response 3/3: R_BORDERLINE
2025-11-10 19:56:15 - run_single_question_e2e - INFO - [run_single_question_e2e.py:232] - Completed grading for R_BORDERLINE
2025-11-10 19:56:15 - run_single_question_e2e - INFO - [run_single_question_e2e.py:241] - Starting refinement phase
2025-11-10 19:56:15 - run_single_question_e2e - INFO - [run_single_question_e2e.py:247] - Refinement phase completed
2025-11-10 19:56:15 - run_single_question_e2e - INFO - [run_single_question_e2e.py:256] - Starting analysis phase
2025-11-10 19:56:37 - run_single_question_e2e - WARNING - [run_single_question_e2e.py:366] - Script interrupted by user
